08-03 18:22:49 com_github_MitjaNemec_Archive3DModels.action_archive_3d_models 238:Plugin executed on: 'linux'
08-03 18:22:49 com_github_MitjaNemec_Archive3DModels.action_archive_3d_models 239:Plugin executed with python version: '3.12.3 (main, Jun 18 2025, 17:59:45) [GCC 13.3.0]'
08-03 18:22:49 com_github_MitjaNemec_Archive3DModels.action_archive_3d_models 240:KiCad build version: 8.0.9-8.0.9-0~ubuntu24.04.1
08-03 18:22:49 com_github_MitjaNemec_Archive3DModels.action_archive_3d_models 241:Plugin version: 1.0.15
08-03 18:22:49 com_github_MitjaNemec_Archive3DModels.action_archive_3d_models 246:Screen sizes: [wx.Size(2560, 1440)]
08-03 18:22:49 com_github_MitjaNemec_Archive3DModels.action_archive_3d_models 253:Dialog size: wx.Size(213, 81)
08-03 18:22:49 com_github_MitjaNemec_Archive3DModels.action_archive_3d_models 255:Char size: 16
08-03 18:26:23 com_github_MitjaNemec_Archive3DModels.archive_3d_models 30:Starting to archive 3D models
08-03 18:26:23 com_github_MitjaNemec_Archive3DModels.archive_3d_models 51:Getting 3D models for footprint of: U1
08-03 18:26:23 com_github_MitjaNemec_Archive3DModels.archive_3d_models 63:Trying to copy: ${KICAD8_3DMODEL_DIR}/Package_TO_SOT_SMD.3dshapes/SOT-223.wrl
08-03 18:26:23 com_github_MitjaNemec_Archive3DModels.archive_3d_models 150:Remapping: ${KICAD8_3DMODEL_DIR}/Package_TO_SOT_SMD.3dshapes/SOT-223.wrl
08-03 18:26:23 com_github_MitjaNemec_Archive3DModels.archive_3d_models 51:Getting 3D models for footprint of: 
08-03 18:26:23 com_github_MitjaNemec_Archive3DModels.archive_3d_models 51:Getting 3D models for footprint of: C3
08-03 18:26:23 com_github_MitjaNemec_Archive3DModels.archive_3d_models 63:Trying to copy: ${KICAD8_3DMODEL_DIR}/Capacitor_SMD.3dshapes/C_0603_1608Metric.wrl
08-03 18:26:23 com_github_MitjaNemec_Archive3DModels.archive_3d_models 150:Remapping: ${KICAD8_3DMODEL_DIR}/Capacitor_SMD.3dshapes/C_0603_1608Metric.wrl
08-03 18:26:23 com_github_MitjaNemec_Archive3DModels.archive_3d_models 51:Getting 3D models for footprint of: 
08-03 18:26:23 com_github_MitjaNemec_Archive3DModels.archive_3d_models 51:Getting 3D models for footprint of: C1
08-03 18:26:23 com_github_MitjaNemec_Archive3DModels.archive_3d_models 63:Trying to copy: ${KICAD8_3DMODEL_DIR}/Capacitor_SMD.3dshapes/C_0603_1608Metric.wrl
08-03 18:26:23 com_github_MitjaNemec_Archive3DModels.archive_3d_models 150:Remapping: ${KICAD8_3DMODEL_DIR}/Capacitor_SMD.3dshapes/C_0603_1608Metric.wrl
08-03 18:26:23 com_github_MitjaNemec_Archive3DModels.archive_3d_models 51:Getting 3D models for footprint of: 
08-03 18:26:23 com_github_MitjaNemec_Archive3DModels.archive_3d_models 51:Getting 3D models for footprint of: 
08-03 18:26:23 com_github_MitjaNemec_Archive3DModels.archive_3d_models 51:Getting 3D models for footprint of: J3
08-03 18:26:23 com_github_MitjaNemec_Archive3DModels.archive_3d_models 63:Trying to copy: ${KICAD8_3DMODEL_DIR}/Connector_PinHeader_2.54mm.3dshapes/PinHeader_2x20_P2.54mm_Vertical.wrl
08-03 18:26:23 com_github_MitjaNemec_Archive3DModels.archive_3d_models 150:Remapping: ${KICAD8_3DMODEL_DIR}/Connector_PinHeader_2.54mm.3dshapes/PinHeader_2x20_P2.54mm_Vertical.wrl
08-03 18:26:23 com_github_MitjaNemec_Archive3DModels.archive_3d_models 51:Getting 3D models for footprint of: 
08-03 18:26:23 com_github_MitjaNemec_Archive3DModels.archive_3d_models 51:Getting 3D models for footprint of: J1
08-03 18:26:23 com_github_MitjaNemec_Archive3DModels.archive_3d_models 63:Trying to copy: ${KICAD8_3DMODEL_DIR}/Connector_PinHeader_2.54mm.3dshapes/PinHeader_1x04_P2.54mm_Vertical.wrl
08-03 18:26:23 com_github_MitjaNemec_Archive3DModels.archive_3d_models 150:Remapping: ${KICAD8_3DMODEL_DIR}/Connector_PinHeader_2.54mm.3dshapes/PinHeader_1x04_P2.54mm_Vertical.wrl
08-03 18:26:23 com_github_MitjaNemec_Archive3DModels.archive_3d_models 51:Getting 3D models for footprint of: 
08-03 18:26:23 com_github_MitjaNemec_Archive3DModels.archive_3d_models 51:Getting 3D models for footprint of: 
08-03 18:26:23 com_github_MitjaNemec_Archive3DModels.archive_3d_models 51:Getting 3D models for footprint of: C2
08-03 18:26:23 com_github_MitjaNemec_Archive3DModels.archive_3d_models 63:Trying to copy: ${KICAD8_3DMODEL_DIR}/Capacitor_SMD.3dshapes/C_0603_1608Metric.wrl
08-03 18:26:23 com_github_MitjaNemec_Archive3DModels.archive_3d_models 150:Remapping: ${KICAD8_3DMODEL_DIR}/Capacitor_SMD.3dshapes/C_0603_1608Metric.wrl
08-03 18:26:23 com_github_MitjaNemec_Archive3DModels.archive_3d_models 51:Getting 3D models for footprint of: 
08-03 18:26:23 com_github_MitjaNemec_Archive3DModels.archive_3d_models 51:Getting 3D models for footprint of: J2
08-03 18:26:23 com_github_MitjaNemec_Archive3DModels.archive_3d_models 51:Getting 3D models for footprint of: C4
08-03 18:26:23 com_github_MitjaNemec_Archive3DModels.archive_3d_models 63:Trying to copy: ${KICAD8_3DMODEL_DIR}/Capacitor_SMD.3dshapes/C_0603_1608Metric.wrl
08-03 18:26:23 com_github_MitjaNemec_Archive3DModels.archive_3d_models 150:Remapping: ${KICAD8_3DMODEL_DIR}/Capacitor_SMD.3dshapes/C_0603_1608Metric.wrl
08-03 18:26:23 com_github_MitjaNemec_Archive3DModels.archive_3d_models 51:Getting 3D models for footprint of: 
08-03 18:26:23 com_github_MitjaNemec_Archive3DModels.archive_3d_models 51:Getting 3D models for footprint of: 
